// Jest Snapshot v1, https://goo.gl/fbAQLP

exports[`LinkDropbox can render 1`] = `
<div
  class="appView"
>
  <div
    class="header"
  >
    <div
      class="headerSiteName"
    >
      <div
        class="headerSlideIn"
        style="width: 0px;"
      >
        <div
          class="headerSlideInContents"
        >
          <div
            class="headerTitleSlideIn"
          >
            <span>
              ðŸŽµ 
            </span>
            <span
              class="headerSiteNameTitle"
            >
              Browser Chords
            </span>
          </div>
        </div>
      </div>
    </div>
    <div
      class="headerStart"
    >
      <div
        class="headerTitle"
      >
        <button
          class="headerFileSystemSelection"
          title="Change the file system source"
          type="button"
        >
          Dropbox
        </button>
      </div>
    </div>
    <div
      class="headerEnd"
    >
      <a
        class="button headerSettings"
        href="/settings"
      >
        Settings
      </a>
    </div>
  </div>
  <div
    class="linkDropbox"
  >
    <div
      class="linkDropboxContent"
    >
      <div
        class="linkDropboxDescription"
      >
        <h1
          class="linkDropboxH1"
        >
          Store Files on Dropbox
        </h1>
        <h2
          class="linkDropboxH2"
        >
          Take your files across devices
        </h2>
        <p>
          Manage tabs, chords, and sheet music in Dropbox. Access and edit them directly in the browser, from anywhere.
        </p>
        <p>
          Privacy is important. 
          Browser Chords
           will only be given access to the 
          <code>
            Dropbox/Apps/Chords
          </code>
           
          folder in Dropbox to manage files. See the
           
          <a
            href="/privacy"
          >
            privacy policy
          </a>
           for more details. The source code is on
           
          <a
            href="https://github.com/gregtatum/indie-web"
          >
            GitHub
          </a>
          .
        </p>
      </div>
      <div>
        <a
          class="linkDropboxConnect"
          href="https://www.dropbox.com/oauth2/authorize?response_type=code&code_challenge_method=S256&client_id=FAKE_DROPBOX_CLIENT_ID&code_challenge=fakebase64&redirect_uri=http%3A%2F%2Flocalhost%2Flogin&token_access_type=offline"
        >
          Connect Dropbox
        </a>
      </div>
    </div>
  </div>
</div>
`;
